<?xml version="1.0" encoding="utf-8"?>
<TestRun id="b7474f16-b090-43fe-8755-37c9bd7a2d3e" name="raymo@屋企 2026-07-10 13:00:51" runUser="屋企\raymo" xmlns="http://microsoft.com/schemas/VisualStudio/TeamTest/2010">
  <Times creation="2026-07-10T13:00:51.1174819+08:00" queuing="2026-07-10T13:00:51.1174833+08:00" start="2026-07-10T13:00:43.8247193+08:00" finish="2026-07-10T13:00:52.8738931+08:00" />
  <TestSettings name="default" id="eb7b657c-a5d5-4adf-8de2-b331ce7acd98">
    <Deployment runDeploymentRoot="raymo_屋企_2026-07-10_13_00_51" />
  </TestSettings>
  <Results>
    <UnitTestResult executionId="ecd747ac-7231-4e11-ac7c-edbc7e1d9663" testId="c6bb48b7-add0-caa8-ed82-ecc450786af1" testName="PerfumeShop.IntegrationTests.Admin.SemiFinishedPagesTests.UpdateBlendStatus_ChangesState" computerName="屋企" duration="00:00:02.4609059" startTime="2026-07-10T13:00:50.8724278+08:00" endTime="2026-07-10T13:00:50.8724499+08:00" testType="13cdc9d9-ddb5-4fa4-a97d-d965ccfc6d4b" outcome="Passed" testListId="8c84fa94-04c1-424b-9868-57a2d4851a1d" relativeResultsDirectory="ecd747ac-7231-4e11-ac7c-edbc7e1d9663" />
    <UnitTestResult executionId="0564a50d-6ea2-4999-8a42-5c4fd0ec7b7a" testId="a0031162-b14c-e3e0-e909-afd1af68fa81" testName="PerfumeShop.IntegrationTests.Admin.ProductionPagesTests.SyncOrders_Concurrent100Orders_Idempotent" computerName="屋企" duration="00:00:01.5687888" startTime="2026-07-10T13:00:52.4763053+08:00" endTime="2026-07-10T13:00:52.4763056+08:00" testType="13cdc9d9-ddb5-4fa4-a97d-d965ccfc6d4b" outcome="Passed" testListId="8c84fa94-04c1-424b-9868-57a2d4851a1d" relativeResultsDirectory="0564a50d-6ea2-4999-8a42-5c4fd0ec7b7a" />
    <UnitTestResult executionId="1793c079-16b0-43be-bcdb-fe159631e9a3" testId="fbbb1a87-3217-aead-439d-2066fdf18ecb" testName="PerfumeShop.IntegrationTests.Admin.ProductionPagesTests.SyncOrders_NewPaidOrders_CreatesProductionOrders" computerName="屋企" duration="00:00:00.0152148" startTime="2026-07-10T13:00:52.5891408+08:00" endTime="2026-07-10T13:00:52.5891412+08:00" testType="13cdc9d9-ddb5-4fa4-a97d-d965ccfc6d4b" outcome="Passed" testListId="8c84fa94-04c1-424b-9868-57a2d4851a1d" relativeResultsDirectory="1793c079-16b0-43be-bcdb-fe159631e9a3" />
    <UnitTestResult executionId="f741bb73-19f2-4113-a414-59c22dfdc568" testId="c9f39c90-e44f-12f5-b9bd-6b902caa8a7f" testName="PerfumeShop.IntegrationTests.Admin.SemiFinishedPagesTests.GetAccordProductions_ReturnsPaginated" computerName="屋企" duration="00:00:00.0132141" startTime="2026-07-10T13:00:51.0352560+08:00" endTime="2026-07-10T13:00:51.0352565+08:00" testType="13cdc9d9-ddb5-4fa4-a97d-d965ccfc6d4b" outcome="Passed" testListId="8c84fa94-04c1-424b-9868-57a2d4851a1d" relativeResultsDirectory="f741bb73-19f2-4113-a414-59c22dfdc568" />
    <UnitTestResult executionId="cc2b8937-4d50-4e8c-be08-ccc51b906de7" testId="0a655fa6-db89-838f-7496-c58d6a322452" testName="PerfumeShop.IntegrationTests.Admin.ProductionPagesTests.GetReport_ReturnsGroupedData" computerName="屋企" duration="00:00:00.0258457" startTime="2026-07-10T13:00:52.7281495+08:00" endTime="2026-07-10T13:00:52.7281507+08:00" testType="13cdc9d9-ddb5-4fa4-a97d-d965ccfc6d4b" outcome="Passed" testListId="8c84fa94-04c1-424b-9868-57a2d4851a1d" relativeResultsDirectory="cc2b8937-4d50-4e8c-be08-ccc51b906de7" />
    <UnitTestResult executionId="fcc31b77-0284-40f6-95e6-12c4c8b5e9da" testId="283c58d5-491f-b4d5-778a-0222f52bbb51" testName="PerfumeShop.IntegrationTests.Admin.SemiFinishedPagesTests.GetRawMaterialInventory_ReturnsAll" computerName="屋企" duration="00:00:00.1436008" startTime="2026-07-10T13:00:51.2005700+08:00" endTime="2026-07-10T13:00:51.2005706+08:00" testType="13cdc9d9-ddb5-4fa4-a97d-d965ccfc6d4b" outcome="Passed" testListId="8c84fa94-04c1-424b-9868-57a2d4851a1d" relativeResultsDirectory="fcc31b77-0284-40f6-95e6-12c4c8b5e9da" />
    <UnitTestResult executionId="52345594-ff64-4f55-a395-4d50f235a4a3" testId="5d0bc1ed-4c46-8bbc-278d-87c19860cb45" testName="PerfumeShop.IntegrationTests.Admin.SemiFinishedPagesTests.GetWorkshopTransfers_ReturnsPaginated" computerName="屋企" duration="00:00:00.0153956" startTime="2026-07-10T13:00:51.2161980+08:00" endTime="2026-07-10T13:00:51.2161987+08:00" testType="13cdc9d9-ddb5-4fa4-a97d-d965ccfc6d4b" outcome="Passed" testListId="8c84fa94-04c1-424b-9868-57a2d4851a1d" relativeResultsDirectory="52345594-ff64-4f55-a395-4d50f235a4a3" />
    <UnitTestResult executionId="5e77c896-ef6d-4d6c-958b-f129bcf3c771" testId="90501c10-d581-cc01-2ca9-035cb9914561" testName="PerfumeShop.IntegrationTests.Admin.SemiFinishedPagesTests.TransferSemiFinished_CreatesRecord" computerName="屋企" duration="00:00:00.0210764" startTime="2026-07-10T13:00:51.0567588+08:00" endTime="2026-07-10T13:00:51.0567596+08:00" testType="13cdc9d9-ddb5-4fa4-a97d-d965ccfc6d4b" outcome="Passed" testListId="8c84fa94-04c1-424b-9868-57a2d4851a1d" relativeResultsDirectory="5e77c896-ef6d-4d6c-958b-f129bcf3c771" />
    <UnitTestResult executionId="b01c43b5-f7d4-47f7-aaae-c52c1838b299" testId="69fbcee4-72b6-0be6-16a6-7ddf327ed41d" testName="PerfumeShop.IntegrationTests.Admin.ProductionPagesTests.BatchCancel_PendingOrders_Cancels" computerName="屋企" duration="00:00:00.0134869" startTime="2026-07-10T13:00:52.5639958+08:00" endTime="2026-07-10T13:00:52.5639960+08:00" testType="13cdc9d9-ddb5-4fa4-a97d-d965ccfc6d4b" outcome="Passed" testListId="8c84fa94-04c1-424b-9868-57a2d4851a1d" relativeResultsDirectory="b01c43b5-f7d4-47f7-aaae-c52c1838b299" />
    <UnitTestResult executionId="a8bd63d5-00bb-4869-8c57-d4300932ebf9" testId="b4a10970-7aeb-2245-185c-53fdd9bdd6a6" testName="PerfumeShop.IntegrationTests.Admin.SemiFinishedPagesTests.GetNoteInventory_ReturnsAll" computerName="屋企" duration="00:00:00.0307066" startTime="2026-07-10T13:00:51.2473034+08:00" endTime="2026-07-10T13:00:51.2473040+08:00" testType="13cdc9d9-ddb5-4fa4-a97d-d965ccfc6d4b" outcome="Passed" testListId="8c84fa94-04c1-424b-9868-57a2d4851a1d" relativeResultsDirectory="a8bd63d5-00bb-4869-8c57-d4300932ebf9" />
    <UnitTestResult executionId="54e29426-e0df-403e-9c80-f764b2233a6d" testId="22bc54ec-6c0f-5555-72da-c128532fcf6b" testName="PerfumeShop.IntegrationTests.Admin.SemiFinishedPagesTests.GetReportData_ReturnsDateRange" computerName="屋企" duration="00:00:00.0155241" startTime="2026-07-10T13:00:50.9789990+08:00" endTime="2026-07-10T13:00:50.9790000+08:00" testType="13cdc9d9-ddb5-4fa4-a97d-d965ccfc6d4b" outcome="Passed" testListId="8c84fa94-04c1-424b-9868-57a2d4851a1d" relativeResultsDirectory="54e29426-e0df-403e-9c80-f764b2233a6d" />
    <UnitTestResult executionId="ca4b2986-d4ee-4ca4-94c8-a8d0e3579cb3" testId="2f5fad96-4b68-2d3e-a0e0-bb4e8d2ce987" testName="PerfumeShop.IntegrationTests.Admin.ProductionPagesTests.GetOrder_NonExisting_ReturnsNotFound" computerName="屋企" duration="00:00:00.0127953" startTime="2026-07-10T13:00:52.5482563+08:00" endTime="2026-07-10T13:00:52.5482571+08:00" testType="13cdc9d9-ddb5-4fa4-a97d-d965ccfc6d4b" outcome="Passed" testListId="8c84fa94-04c1-424b-9868-57a2d4851a1d" relativeResultsDirectory="ca4b2986-d4ee-4ca4-94c8-a8d0e3579cb3" />
    <UnitTestResult executionId="ee2c72de-3efe-4700-83ed-633473e5cf3e" testId="9c79d4c6-530d-61f1-cbc9-91df94fdc77a" testName="PerfumeShop.IntegrationTests.Admin.SemiFinishedPagesTests.GetInventoryAlerts_ReturnsLowStock" computerName="屋企" duration="00:00:00.0317750" startTime="2026-07-10T13:00:51.2874747+08:00" endTime="2026-07-10T13:00:51.2874752+08:00" testType="13cdc9d9-ddb5-4fa4-a97d-d965ccfc6d4b" outcome="Passed" testListId="8c84fa94-04c1-424b-9868-57a2d4851a1d" relativeResultsDirectory="ee2c72de-3efe-4700-83ed-633473e5cf3e" />
    <UnitTestResult executionId="e0028d81-b5b7-4a92-921b-3c39fde605c5" testId="516fdcd0-ed04-ca32-19e5-28228203d92b" testName="PerfumeShop.IntegrationTests.Admin.SemiFinishedPagesTests.FulfillTransfer_NonExisting_ReturnsFalse" computerName="屋企" duration="00:00:00.0041703" startTime="2026-07-10T13:00:51.2523124+08:00" endTime="2026-07-10T13:00:51.2523131+08:00" testType="13cdc9d9-ddb5-4fa4-a97d-d965ccfc6d4b" outcome="Passed" testListId="8c84fa94-04c1-424b-9868-57a2d4851a1d" relativeResultsDirectory="e0028d81-b5b7-4a92-921b-3c39fde605c5" />
    <UnitTestResult executionId="30185b6f-fc40-428c-bc6f-f374b891eeb9" testId="22436385-6571-e5ac-0e4f-78782cc35c76" testName="PerfumeShop.IntegrationTests.Admin.ProductionPagesTests.UpdateStatus_ValidRequest_ReturnsOk" computerName="屋企" duration="00:00:00.0241849" startTime="2026-07-10T13:00:52.6791562+08:00" endTime="2026-07-10T13:00:52.6791567+08:00" testType="13cdc9d9-ddb5-4fa4-a97d-d965ccfc6d4b" outcome="Passed" testListId="8c84fa94-04c1-424b-9868-57a2d4851a1d" relativeResultsDirectory="30185b6f-fc40-428c-bc6f-f374b891eeb9" />
    <UnitTestResult executionId="ae96a6cc-aae6-4697-b6b5-1290f39a34f6" testId="4033c7ff-eb88-c52d-b835-85c3f55e6b37" testName="PerfumeShop.IntegrationTests.Admin.SemiFinishedPagesTests.GetBaseNotes_ReturnsAll" computerName="屋企" duration="00:00:00.0485186" startTime="2026-07-10T13:00:51.3362063+08:00" endTime="2026-07-10T13:00:51.3362070+08:00" testType="13cdc9d9-ddb5-4fa4-a97d-d965ccfc6d4b" outcome="Passed" testListId="8c84fa94-04c1-424b-9868-57a2d4851a1d" relativeResultsDirectory="ae96a6cc-aae6-4697-b6b5-1290f39a34f6" />
    <UnitTestResult executionId="c6deaa01-d80a-4e5c-b979-8f259a0a740a" testId="48f8a283-e2b5-08c2-8eaf-00bdc62ad43d" testName="PerfumeShop.IntegrationTests.Admin.ProductionPagesTests.GetOrder_ExistingId_ReturnsDetail" computerName="屋企" duration="00:00:00.0129234" startTime="2026-07-10T13:00:52.6444022+08:00" endTime="2026-07-10T13:00:52.6444027+08:00" testType="13cdc9d9-ddb5-4fa4-a97d-d965ccfc6d4b" outcome="Passed" testListId="8c84fa94-04c1-424b-9868-57a2d4851a1d" relativeResultsDirectory="c6deaa01-d80a-4e5c-b979-8f259a0a740a" />
    <UnitTestResult executionId="77fab9dc-c95c-463d-8c2d-ef8e674477e4" testId="b73a28d8-bb39-0176-b67e-5565b2f30a8d" testName="PerfumeShop.IntegrationTests.Admin.ProductionPagesTests.UpdateStatus_EmptyStatus_ReturnsBadRequest" computerName="屋企" duration="00:00:00.0019172" startTime="2026-07-10T13:00:52.5504222+08:00" endTime="2026-07-10T13:00:52.5504227+08:00" testType="13cdc9d9-ddb5-4fa4-a97d-d965ccfc6d4b" outcome="Passed" testListId="8c84fa94-04c1-424b-9868-57a2d4851a1d" relativeResultsDirectory="77fab9dc-c95c-463d-8c2d-ef8e674477e4" />
    <UnitTestResult executionId="1fcc75f0-6f07-47da-9628-ed511c8a557a" testId="7066d9a1-ebe6-53b6-97f7-5b7cc9f00629" testName="PerfumeShop.IntegrationTests.Admin.ProductionPagesTests.GetOrders_FilterByStatus_ReturnsOnlyPending" computerName="屋企" duration="00:00:00.0418925" startTime="2026-07-10T13:00:52.6312843+08:00" endTime="2026-07-10T13:00:52.6312849+08:00" testType="13cdc9d9-ddb5-4fa4-a97d-d965ccfc6d4b" outcome="Passed" testListId="8c84fa94-04c1-424b-9868-57a2d4851a1d" relativeResultsDirectory="1fcc75f0-6f07-47da-9628-ed511c8a557a" />
    <UnitTestResult executionId="31a00c9a-6ec5-4f48-8888-231ec656c86c" testId="c6fefd79-3af8-ae85-6d66-a8f58152a550" testName="PerfumeShop.IntegrationTests.Admin.ProductionPagesTests.GetQualityChecks_ReturnsCompletedAndQC" computerName="屋企" duration="00:00:00.0161032" startTime="2026-07-10T13:00:52.7576136+08:00" endTime="2026-07-10T13:00:52.7576151+08:00" testType="13cdc9d9-ddb5-4fa4-a97d-d965ccfc6d4b" outcome="Passed" testListId="8c84fa94-04c1-424b-9868-57a2d4851a1d" relativeResultsDirectory="31a00c9a-6ec5-4f48-8888-231ec656c86c" />
    <UnitTestResult executionId="59104126-a1d2-445f-b604-a2e7ddca158c" testId="77d6229d-8b51-d29a-0385-a305c39f587c" testName="PerfumeShop.IntegrationTests.Admin.ProductionPagesTests.GetOrders_ReturnsPaginatedList" computerName="屋企" duration="00:00:00.0128682" startTime="2026-07-10T13:00:52.7412193+08:00" endTime="2026-07-10T13:00:52.7412205+08:00" testType="13cdc9d9-ddb5-4fa4-a97d-d965ccfc6d4b" outcome="Passed" testListId="8c84fa94-04c1-424b-9868-57a2d4851a1d" relativeResultsDirectory="59104126-a1d2-445f-b604-a2e7ddca158c" />
    <UnitTestResult executionId="3b0ee115-cac4-4e26-a80c-45228827052d" testId="520dc1f1-86bc-46d7-6440-b18b5b3708fe" testName="PerfumeShop.IntegrationTests.Admin.SemiFinishedPagesTests.GetAccordProductions_FilterByStatus" computerName="屋企" duration="00:00:00.0784861" startTime="2026-07-10T13:00:50.9505620+08:00" endTime="2026-07-10T13:00:50.9505628+08:00" testType="13cdc9d9-ddb5-4fa4-a97d-d965ccfc6d4b" outcome="Passed" testListId="8c84fa94-04c1-424b-9868-57a2d4851a1d" relativeResultsDirectory="3b0ee115-cac4-4e26-a80c-45228827052d" />
    <UnitTestResult executionId="de10a1eb-8c37-4d9c-8776-90f6bb58d78c" testId="5573f9a5-b9f4-0731-10ec-1e81af6f42df" testName="PerfumeShop.IntegrationTests.Admin.ProductionPagesTests.BatchStatus_Products_TogglesActive" computerName="屋企" duration="00:00:00.0587231" startTime="2026-07-10T13:00:52.5352395+08:00" endTime="2026-07-10T13:00:52.5352397+08:00" testType="13cdc9d9-ddb5-4fa4-a97d-d965ccfc6d4b" outcome="Passed" testListId="8c84fa94-04c1-424b-9868-57a2d4851a1d" relativeResultsDirectory="de10a1eb-8c37-4d9c-8776-90f6bb58d78c" />
    <UnitTestResult executionId="7a027e9f-25a3-4d61-b8e0-c3828112e3bc" testId="48f268d4-9905-70da-a4f6-da94613601df" testName="PerfumeShop.IntegrationTests.Admin.ProductionPagesTests.GetOrders_SearchByWorkOrderNo" computerName="屋企" duration="00:00:00.0227714" startTime="2026-07-10T13:00:52.7021442+08:00" endTime="2026-07-10T13:00:52.7021446+08:00" testType="13cdc9d9-ddb5-4fa4-a97d-d965ccfc6d4b" outcome="Passed" testListId="8c84fa94-04c1-424b-9868-57a2d4851a1d" relativeResultsDirectory="7a027e9f-25a3-4d61-b8e0-c3828112e3bc" />
    <UnitTestResult executionId="acc0d14d-aa19-4336-ab9e-90385b37c24f" testId="6f20f317-cd95-f3df-3680-2d47721855f3" testName="PerfumeShop.IntegrationTests.Admin.ProductionPagesTests.BatchShip_ValidOrders_UpdatesStatus" computerName="屋企" duration="00:00:00.0095190" startTime="2026-07-10T13:00:52.5736750+08:00" endTime="2026-07-10T13:00:52.5736754+08:00" testType="13cdc9d9-ddb5-4fa4-a97d-d965ccfc6d4b" outcome="Passed" testListId="8c84fa94-04c1-424b-9868-57a2d4851a1d" relativeResultsDirectory="acc0d14d-aa19-4336-ab9e-90385b37c24f" />
    <UnitTestResult executionId="4eab441b-203f-4d04-921e-635c33157eac" testId="ba536fdb-b0f0-f43d-55bb-647ebc9b80cc" testName="PerfumeShop.IntegrationTests.Admin.SemiFinishedPagesTests.GetAccordProductionDetail_ReturnsRecord" computerName="屋企" duration="00:00:00.0123404" startTime="2026-07-10T13:00:50.9632154+08:00" endTime="2026-07-10T13:00:50.9632160+08:00" testType="13cdc9d9-ddb5-4fa4-a97d-d965ccfc6d4b" outcome="Passed" testListId="8c84fa94-04c1-424b-9868-57a2d4851a1d" relativeResultsDirectory="4eab441b-203f-4d04-921e-635c33157eac" />
    <UnitTestResult executionId="4c77a1d2-4a2d-4834-b898-7f61bdc05d61" testId="03e682b6-0a31-1534-2931-5634dd5d3244" testName="PerfumeShop.IntegrationTests.Admin.ProductionPagesTests.SyncOrders_AlreadySynced_ReturnsZero" computerName="屋企" duration="00:00:00.0101723" startTime="2026-07-10T13:00:52.6547497+08:00" endTime="2026-07-10T13:00:52.6547500+08:00" testType="13cdc9d9-ddb5-4fa4-a97d-d965ccfc6d4b" outcome="Passed" testListId="8c84fa94-04c1-424b-9868-57a2d4851a1d" relativeResultsDirectory="4c77a1d2-4a2d-4834-b898-7f61bdc05d61" />
    <UnitTestResult executionId="3a51a348-d1af-4b20-a9e0-002af9f5f925" testId="63164f69-3fc0-ddeb-5cb9-9f4b570ed4c8" testName="PerfumeShop.IntegrationTests.Admin.ProductionPagesTests.FixStatus_ChineseToEnglish_MigratesStatus" computerName="屋企" duration="00:00:02.5016897" startTime="2026-07-10T13:00:50.9072368+08:00" endTime="2026-07-10T13:00:50.9072380+08:00" testType="13cdc9d9-ddb5-4fa4-a97d-d965ccfc6d4b" outcome="Passed" testListId="8c84fa94-04c1-424b-9868-57a2d4851a1d" relativeResultsDirectory="3a51a348-d1af-4b20-a9e0-002af9f5f925" />
    <UnitTestResult executionId="6a33f893-531c-4616-a9b8-be0ec5c4919b" testId="718e56c3-a666-4790-3ed7-86dcf88b3fca" testName="PerfumeShop.IntegrationTests.Admin.SemiFinishedPagesTests.FulfillTransfer_CompletesTransfer" computerName="屋企" duration="00:00:00.0426663" startTime="2026-07-10T13:00:51.0219088+08:00" endTime="2026-07-10T13:00:51.0219094+08:00" testType="13cdc9d9-ddb5-4fa4-a97d-d965ccfc6d4b" outcome="Passed" testListId="8c84fa94-04c1-424b-9868-57a2d4851a1d" relativeResultsDirectory="6a33f893-531c-4616-a9b8-be0ec5c4919b" />
    <UnitTestResult executionId="12e7f484-c119-4447-90b8-87a91d5a698a" testId="fb7b72cc-5d8f-2dbf-ca25-68d0dbbd0bb1" testName="PerfumeShop.IntegrationTests.Admin.SemiFinishedPagesTests.UpdateBlendStatus_Completed_SetsCompletedAt" computerName="屋企" duration="00:00:00.0034791" startTime="2026-07-10T13:00:51.2554685+08:00" endTime="2026-07-10T13:00:51.2554686+08:00" testType="13cdc9d9-ddb5-4fa4-a97d-d965ccfc6d4b" outcome="Passed" testListId="8c84fa94-04c1-424b-9868-57a2d4851a1d" relativeResultsDirectory="12e7f484-c119-4447-90b8-87a91d5a698a" />
    <UnitTestResult executionId="d1b00183-207f-4675-89a4-ed432fa5a87b" testId="f1bc0027-027f-59a0-e483-e89d89fd001d" testName="PerfumeShop.IntegrationTests.Admin.SemiFinishedPagesTests.CreateBlendRecord_InsertsAndReturns" computerName="屋企" duration="00:00:00.0067639" startTime="2026-07-10T13:00:51.3431852+08:00" endTime="2026-07-10T13:00:51.3431866+08:00" testType="13cdc9d9-ddb5-4fa4-a97d-d965ccfc6d4b" outcome="Passed" testListId="8c84fa94-04c1-424b-9868-57a2d4851a1d" relativeResultsDirectory="d1b00183-207f-4675-89a4-ed432fa5a87b" />
  </Results>
  <TestDefinitions>
    <UnitTest name="PerfumeShop.IntegrationTests.Admin.SemiFinishedPagesTests.FulfillTransfer_NonExisting_ReturnsFalse" storage="f:\网站制作\网站\网站二\tests\perfumeshop.integrationtests\bin\debug\net8.0\perfumeshop.integrationtests.dll" id="516fdcd0-ed04-ca32-19e5-28228203d92b">
      <Execution id="e0028d81-b5b7-4a92-921b-3c39fde605c5" />
      <TestMethod codeBase="F:\网站制作\网站\网站二\tests\PerfumeShop.IntegrationTests\bin\Debug\net8.0\PerfumeShop.IntegrationTests.dll" adapterTypeName="executor://xunit/VsTestRunner2/netcoreapp" className="PerfumeShop.IntegrationTests.Admin.SemiFinishedPagesTests" name="FulfillTransfer_NonExisting_ReturnsFalse" />
    </UnitTest>
    <UnitTest name="PerfumeShop.IntegrationTests.Admin.SemiFinishedPagesTests.FulfillTransfer_CompletesTransfer" storage="f:\网站制作\网站\网站二\tests\perfumeshop.integrationtests\bin\debug\net8.0\perfumeshop.integrationtests.dll" id="718e56c3-a666-4790-3ed7-86dcf88b3fca">
      <Execution id="6a33f893-531c-4616-a9b8-be0ec5c4919b" />
      <TestMethod codeBase="F:\网站制作\网站\网站二\tests\PerfumeShop.IntegrationTests\bin\Debug\net8.0\PerfumeShop.IntegrationTests.dll" adapterTypeName="executor://xunit/VsTestRunner2/netcoreapp" className="PerfumeShop.IntegrationTests.Admin.SemiFinishedPagesTests" name="FulfillTransfer_CompletesTransfer" />
    </UnitTest>
    <UnitTest name="PerfumeShop.IntegrationTests.Admin.ProductionPagesTests.FixStatus_ChineseToEnglish_MigratesStatus" storage="f:\网站制作\网站\网站二\tests\perfumeshop.integrationtests\bin\debug\net8.0\perfumeshop.integrationtests.dll" id="63164f69-3fc0-ddeb-5cb9-9f4b570ed4c8">
      <Execution id="3a51a348-d1af-4b20-a9e0-002af9f5f925" />
      <TestMethod codeBase="F:\网站制作\网站\网站二\tests\PerfumeShop.IntegrationTests\bin\Debug\net8.0\PerfumeShop.IntegrationTests.dll" adapterTypeName="executor://xunit/VsTestRunner2/netcoreapp" className="PerfumeShop.IntegrationTests.Admin.ProductionPagesTests" name="FixStatus_ChineseToEnglish_MigratesStatus" />
    </UnitTest>
    <UnitTest name="PerfumeShop.IntegrationTests.Admin.SemiFinishedPagesTests.UpdateBlendStatus_ChangesState" storage="f:\网站制作\网站\网站二\tests\perfumeshop.integrationtests\bin\debug\net8.0\perfumeshop.integrationtests.dll" id="c6bb48b7-add0-caa8-ed82-ecc450786af1">
      <Execution id="ecd747ac-7231-4e11-ac7c-edbc7e1d9663" />
      <TestMethod codeBase="F:\网站制作\网站\网站二\tests\PerfumeShop.IntegrationTests\bin\Debug\net8.0\PerfumeShop.IntegrationTests.dll" adapterTypeName="executor://xunit/VsTestRunner2/netcoreapp" className="PerfumeShop.IntegrationTests.Admin.SemiFinishedPagesTests" name="UpdateBlendStatus_ChangesState" />
    </UnitTest>
    <UnitTest name="PerfumeShop.IntegrationTests.Admin.ProductionPagesTests.BatchCancel_PendingOrders_Cancels" storage="f:\网站制作\网站\网站二\tests\perfumeshop.integrationtests\bin\debug\net8.0\perfumeshop.integrationtests.dll" id="69fbcee4-72b6-0be6-16a6-7ddf327ed41d">
      <Execution id="b01c43b5-f7d4-47f7-aaae-c52c1838b299" />
      <TestMethod codeBase="F:\网站制作\网站\网站二\tests\PerfumeShop.IntegrationTests\bin\Debug\net8.0\PerfumeShop.IntegrationTests.dll" adapterTypeName="executor://xunit/VsTestRunner2/netcoreapp" className="PerfumeShop.IntegrationTests.Admin.ProductionPagesTests" name="BatchCancel_PendingOrders_Cancels" />
    </UnitTest>
    <UnitTest name="PerfumeShop.IntegrationTests.Admin.ProductionPagesTests.BatchStatus_Products_TogglesActive" storage="f:\网站制作\网站\网站二\tests\perfumeshop.integrationtests\bin\debug\net8.0\perfumeshop.integrationtests.dll" id="5573f9a5-b9f4-0731-10ec-1e81af6f42df">
      <Execution id="de10a1eb-8c37-4d9c-8776-90f6bb58d78c" />
      <TestMethod codeBase="F:\网站制作\网站\网站二\tests\PerfumeShop.IntegrationTests\bin\Debug\net8.0\PerfumeShop.IntegrationTests.dll" adapterTypeName="executor://xunit/VsTestRunner2/netcoreapp" className="PerfumeShop.IntegrationTests.Admin.ProductionPagesTests" name="BatchStatus_Products_TogglesActive" />
    </UnitTest>
    <UnitTest name="PerfumeShop.IntegrationTests.Admin.ProductionPagesTests.GetOrder_ExistingId_ReturnsDetail" storage="f:\网站制作\网站\网站二\tests\perfumeshop.integrationtests\bin\debug\net8.0\perfumeshop.integrationtests.dll" id="48f8a283-e2b5-08c2-8eaf-00bdc62ad43d">
      <Execution id="c6deaa01-d80a-4e5c-b979-8f259a0a740a" />
      <TestMethod codeBase="F:\网站制作\网站\网站二\tests\PerfumeShop.IntegrationTests\bin\Debug\net8.0\PerfumeShop.IntegrationTests.dll" adapterTypeName="executor://xunit/VsTestRunner2/netcoreapp" className="PerfumeShop.IntegrationTests.Admin.ProductionPagesTests" name="GetOrder_ExistingId_ReturnsDetail" />
    </UnitTest>
    <UnitTest name="PerfumeShop.IntegrationTests.Admin.SemiFinishedPagesTests.GetAccordProductions_ReturnsPaginated" storage="f:\网站制作\网站\网站二\tests\perfumeshop.integrationtests\bin\debug\net8.0\perfumeshop.integrationtests.dll" id="c9f39c90-e44f-12f5-b9bd-6b902caa8a7f">
      <Execution id="f741bb73-19f2-4113-a414-59c22dfdc568" />
      <TestMethod codeBase="F:\网站制作\网站\网站二\tests\PerfumeShop.IntegrationTests\bin\Debug\net8.0\PerfumeShop.IntegrationTests.dll" adapterTypeName="executor://xunit/VsTestRunner2/netcoreapp" className="PerfumeShop.IntegrationTests.Admin.SemiFinishedPagesTests" name="GetAccordProductions_ReturnsPaginated" />
    </UnitTest>
    <UnitTest name="PerfumeShop.IntegrationTests.Admin.SemiFinishedPagesTests.GetAccordProductionDetail_ReturnsRecord" storage="f:\网站制作\网站\网站二\tests\perfumeshop.integrationtests\bin\debug\net8.0\perfumeshop.integrationtests.dll" id="ba536fdb-b0f0-f43d-55bb-647ebc9b80cc">
      <Execution id="4eab441b-203f-4d04-921e-635c33157eac" />
      <TestMethod codeBase="F:\网站制作\网站\网站二\tests\PerfumeShop.IntegrationTests\bin\Debug\net8.0\PerfumeShop.IntegrationTests.dll" adapterTypeName="executor://xunit/VsTestRunner2/netcoreapp" className="PerfumeShop.IntegrationTests.Admin.SemiFinishedPagesTests" name="GetAccordProductionDetail_ReturnsRecord" />
    </UnitTest>
    <UnitTest name="PerfumeShop.IntegrationTests.Admin.SemiFinishedPagesTests.GetInventoryAlerts_ReturnsLowStock" storage="f:\网站制作\网站\网站二\tests\perfumeshop.integrationtests\bin\debug\net8.0\perfumeshop.integrationtests.dll" id="9c79d4c6-530d-61f1-cbc9-91df94fdc77a">
      <Execution id="ee2c72de-3efe-4700-83ed-633473e5cf3e" />
      <TestMethod codeBase="F:\网站制作\网站\网站二\tests\PerfumeShop.IntegrationTests\bin\Debug\net8.0\PerfumeShop.IntegrationTests.dll" adapterTypeName="executor://xunit/VsTestRunner2/netcoreapp" className="PerfumeShop.IntegrationTests.Admin.SemiFinishedPagesTests" name="GetInventoryAlerts_ReturnsLowStock" />
    </UnitTest>
    <UnitTest name="PerfumeShop.IntegrationTests.Admin.ProductionPagesTests.UpdateStatus_ValidRequest_ReturnsOk" storage="f:\网站制作\网站\网站二\tests\perfumeshop.integrationtests\bin\debug\net8.0\perfumeshop.integrationtests.dll" id="22436385-6571-e5ac-0e4f-78782cc35c76">
      <Execution id="30185b6f-fc40-428c-bc6f-f374b891eeb9" />
      <TestMethod codeBase="F:\网站制作\网站\网站二\tests\PerfumeShop.IntegrationTests\bin\Debug\net8.0\PerfumeShop.IntegrationTests.dll" adapterTypeName="executor://xunit/VsTestRunner2/netcoreapp" className="PerfumeShop.IntegrationTests.Admin.ProductionPagesTests" name="UpdateStatus_ValidRequest_ReturnsOk" />
    </UnitTest>
    <UnitTest name="PerfumeShop.IntegrationTests.Admin.ProductionPagesTests.GetQualityChecks_ReturnsCompletedAndQC" storage="f:\网站制作\网站\网站二\tests\perfumeshop.integrationtests\bin\debug\net8.0\perfumeshop.integrationtests.dll" id="c6fefd79-3af8-ae85-6d66-a8f58152a550">
      <Execution id="31a00c9a-6ec5-4f48-8888-231ec656c86c" />
      <TestMethod codeBase="F:\网站制作\网站\网站二\tests\PerfumeShop.IntegrationTests\bin\Debug\net8.0\PerfumeShop.IntegrationTests.dll" adapterTypeName="executor://xunit/VsTestRunner2/netcoreapp" className="PerfumeShop.IntegrationTests.Admin.ProductionPagesTests" name="GetQualityChecks_ReturnsCompletedAndQC" />
    </UnitTest>
    <UnitTest name="PerfumeShop.IntegrationTests.Admin.SemiFinishedPagesTests.TransferSemiFinished_CreatesRecord" storage="f:\网站制作\网站\网站二\tests\perfumeshop.integrationtests\bin\debug\net8.0\perfumeshop.integrationtests.dll" id="90501c10-d581-cc01-2ca9-035cb9914561">
      <Execution id="5e77c896-ef6d-4d6c-958b-f129bcf3c771" />
      <TestMethod codeBase="F:\网站制作\网站\网站二\tests\PerfumeShop.IntegrationTests\bin\Debug\net8.0\PerfumeShop.IntegrationTests.dll" adapterTypeName="executor://xunit/VsTestRunner2/netcoreapp" className="PerfumeShop.IntegrationTests.Admin.SemiFinishedPagesTests" name="TransferSemiFinished_CreatesRecord" />
    </UnitTest>
    <UnitTest name="PerfumeShop.IntegrationTests.Admin.ProductionPagesTests.SyncOrders_AlreadySynced_ReturnsZero" storage="f:\网站制作\网站\网站二\tests\perfumeshop.integrationtests\bin\debug\net8.0\perfumeshop.integrationtests.dll" id="03e682b6-0a31-1534-2931-5634dd5d3244">
      <Execution id="4c77a1d2-4a2d-4834-b898-7f61bdc05d61" />
      <TestMethod codeBase="F:\网站制作\网站\网站二\tests\PerfumeShop.IntegrationTests\bin\Debug\net8.0\PerfumeShop.IntegrationTests.dll" adapterTypeName="executor://xunit/VsTestRunner2/netcoreapp" className="PerfumeShop.IntegrationTests.Admin.ProductionPagesTests" name="SyncOrders_AlreadySynced_ReturnsZero" />
    </UnitTest>
    <UnitTest name="PerfumeShop.IntegrationTests.Admin.SemiFinishedPagesTests.UpdateBlendStatus_Completed_SetsCompletedAt" storage="f:\网站制作\网站\网站二\tests\perfumeshop.integrationtests\bin\debug\net8.0\perfumeshop.integrationtests.dll" id="fb7b72cc-5d8f-2dbf-ca25-68d0dbbd0bb1">
      <Execution id="12e7f484-c119-4447-90b8-87a91d5a698a" />
      <TestMethod codeBase="F:\网站制作\网站\网站二\tests\PerfumeShop.IntegrationTests\bin\Debug\net8.0\PerfumeShop.IntegrationTests.dll" adapterTypeName="executor://xunit/VsTestRunner2/netcoreapp" className="PerfumeShop.IntegrationTests.Admin.SemiFinishedPagesTests" name="UpdateBlendStatus_Completed_SetsCompletedAt" />
    </UnitTest>
    <UnitTest name="PerfumeShop.IntegrationTests.Admin.SemiFinishedPagesTests.GetAccordProductions_FilterByStatus" storage="f:\网站制作\网站\网站二\tests\perfumeshop.integrationtests\bin\debug\net8.0\perfumeshop.integrationtests.dll" id="520dc1f1-86bc-46d7-6440-b18b5b3708fe">
      <Execution id="3b0ee115-cac4-4e26-a80c-45228827052d" />
      <TestMethod codeBase="F:\网站制作\网站\网站二\tests\PerfumeShop.IntegrationTests\bin\Debug\net8.0\PerfumeShop.IntegrationTests.dll" adapterTypeName="executor://xunit/VsTestRunner2/netcoreapp" className="PerfumeShop.IntegrationTests.Admin.SemiFinishedPagesTests" name="GetAccordProductions_FilterByStatus" />
    </UnitTest>
    <UnitTest name="PerfumeShop.IntegrationTests.Admin.ProductionPagesTests.SyncOrders_NewPaidOrders_CreatesProductionOrders" storage="f:\网站制作\网站\网站二\tests\perfumeshop.integrationtests\bin\debug\net8.0\perfumeshop.integrationtests.dll" id="fbbb1a87-3217-aead-439d-2066fdf18ecb">
      <Execution id="1793c079-16b0-43be-bcdb-fe159631e9a3" />
      <TestMethod codeBase="F:\网站制作\网站\网站二\tests\PerfumeShop.IntegrationTests\bin\Debug\net8.0\PerfumeShop.IntegrationTests.dll" adapterTypeName="executor://xunit/VsTestRunner2/netcoreapp" className="PerfumeShop.IntegrationTests.Admin.ProductionPagesTests" name="SyncOrders_NewPaidOrders_CreatesProductionOrders" />
    </UnitTest>
    <UnitTest name="PerfumeShop.IntegrationTests.Admin.ProductionPagesTests.BatchShip_ValidOrders_UpdatesStatus" storage="f:\网站制作\网站\网站二\tests\perfumeshop.integrationtests\bin\debug\net8.0\perfumeshop.integrationtests.dll" id="6f20f317-cd95-f3df-3680-2d47721855f3">
      <Execution id="acc0d14d-aa19-4336-ab9e-90385b37c24f" />
      <TestMethod codeBase="F:\网站制作\网站\网站二\tests\PerfumeShop.IntegrationTests\bin\Debug\net8.0\PerfumeShop.IntegrationTests.dll" adapterTypeName="executor://xunit/VsTestRunner2/netcoreapp" className="PerfumeShop.IntegrationTests.Admin.ProductionPagesTests" name="BatchShip_ValidOrders_UpdatesStatus" />
    </UnitTest>
    <UnitTest name="PerfumeShop.IntegrationTests.Admin.SemiFinishedPagesTests.CreateBlendRecord_InsertsAndReturns" storage="f:\网站制作\网站\网站二\tests\perfumeshop.integrationtests\bin\debug\net8.0\perfumeshop.integrationtests.dll" id="f1bc0027-027f-59a0-e483-e89d89fd001d">
      <Execution id="d1b00183-207f-4675-89a4-ed432fa5a87b" />
      <TestMethod codeBase="F:\网站制作\网站\网站二\tests\PerfumeShop.IntegrationTests\bin\Debug\net8.0\PerfumeShop.IntegrationTests.dll" adapterTypeName="executor://xunit/VsTestRunner2/netcoreapp" className="PerfumeShop.IntegrationTests.Admin.SemiFinishedPagesTests" name="CreateBlendRecord_InsertsAndReturns" />
    </UnitTest>
    <UnitTest name="PerfumeShop.IntegrationTests.Admin.ProductionPagesTests.GetOrders_FilterByStatus_ReturnsOnlyPending" storage="f:\网站制作\网站\网站二\tests\perfumeshop.integrationtests\bin\debug\net8.0\perfumeshop.integrationtests.dll" id="7066d9a1-ebe6-53b6-97f7-5b7cc9f00629">
      <Execution id="1fcc75f0-6f07-47da-9628-ed511c8a557a" />
      <TestMethod codeBase="F:\网站制作\网站\网站二\tests\PerfumeShop.IntegrationTests\bin\Debug\net8.0\PerfumeShop.IntegrationTests.dll" adapterTypeName="executor://xunit/VsTestRunner2/netcoreapp" className="PerfumeShop.IntegrationTests.Admin.ProductionPagesTests" name="GetOrders_FilterByStatus_ReturnsOnlyPending" />
    </UnitTest>
    <UnitTest name="PerfumeShop.IntegrationTests.Admin.ProductionPagesTests.GetOrder_NonExisting_ReturnsNotFound" storage="f:\网站制作\网站\网站二\tests\perfumeshop.integrationtests\bin\debug\net8.0\perfumeshop.integrationtests.dll" id="2f5fad96-4b68-2d3e-a0e0-bb4e8d2ce987">
      <Execution id="ca4b2986-d4ee-4ca4-94c8-a8d0e3579cb3" />
      <TestMethod codeBase="F:\网站制作\网站\网站二\tests\PerfumeShop.IntegrationTests\bin\Debug\net8.0\PerfumeShop.IntegrationTests.dll" adapterTypeName="executor://xunit/VsTestRunner2/netcoreapp" className="PerfumeShop.IntegrationTests.Admin.ProductionPagesTests" name="GetOrder_NonExisting_ReturnsNotFound" />
    </UnitTest>
    <UnitTest name="PerfumeShop.IntegrationTests.Admin.ProductionPagesTests.SyncOrders_Concurrent100Orders_Idempotent" storage="f:\网站制作\网站\网站二\tests\perfumeshop.integrationtests\bin\debug\net8.0\perfumeshop.integrationtests.dll" id="a0031162-b14c-e3e0-e909-afd1af68fa81">
      <Execution id="0564a50d-6ea2-4999-8a42-5c4fd0ec7b7a" />
      <TestMethod codeBase="F:\网站制作\网站\网站二\tests\PerfumeShop.IntegrationTests\bin\Debug\net8.0\PerfumeShop.IntegrationTests.dll" adapterTypeName="executor://xunit/VsTestRunner2/netcoreapp" className="PerfumeShop.IntegrationTests.Admin.ProductionPagesTests" name="SyncOrders_Concurrent100Orders_Idempotent" />
    </UnitTest>
    <UnitTest name="PerfumeShop.IntegrationTests.Admin.SemiFinishedPagesTests.GetNoteInventory_ReturnsAll" storage="f:\网站制作\网站\网站二\tests\perfumeshop.integrationtests\bin\debug\net8.0\perfumeshop.integrationtests.dll" id="b4a10970-7aeb-2245-185c-53fdd9bdd6a6">
      <Execution id="a8bd63d5-00bb-4869-8c57-d4300932ebf9" />
      <TestMethod codeBase="F:\网站制作\网站\网站二\tests\PerfumeShop.IntegrationTests\bin\Debug\net8.0\PerfumeShop.IntegrationTests.dll" adapterTypeName="executor://xunit/VsTestRunner2/netcoreapp" className="PerfumeShop.IntegrationTests.Admin.SemiFinishedPagesTests" name="GetNoteInventory_ReturnsAll" />
    </UnitTest>
    <UnitTest name="PerfumeShop.IntegrationTests.Admin.ProductionPagesTests.GetReport_ReturnsGroupedData" storage="f:\网站制作\网站\网站二\tests\perfumeshop.integrationtests\bin\debug\net8.0\perfumeshop.integrationtests.dll" id="0a655fa6-db89-838f-7496-c58d6a322452">
      <Execution id="cc2b8937-4d50-4e8c-be08-ccc51b906de7" />
      <TestMethod codeBase="F:\网站制作\网站\网站二\tests\PerfumeShop.IntegrationTests\bin\Debug\net8.0\PerfumeShop.IntegrationTests.dll" adapterTypeName="executor://xunit/VsTestRunner2/netcoreapp" className="PerfumeShop.IntegrationTests.Admin.ProductionPagesTests" name="GetReport_ReturnsGroupedData" />
    </UnitTest>
    <UnitTest name="PerfumeShop.IntegrationTests.Admin.SemiFinishedPagesTests.GetBaseNotes_ReturnsAll" storage="f:\网站制作\网站\网站二\tests\perfumeshop.integrationtests\bin\debug\net8.0\perfumeshop.integrationtests.dll" id="4033c7ff-eb88-c52d-b835-85c3f55e6b37">
      <Execution id="ae96a6cc-aae6-4697-b6b5-1290f39a34f6" />
      <TestMethod codeBase="F:\网站制作\网站\网站二\tests\PerfumeShop.IntegrationTests\bin\Debug\net8.0\PerfumeShop.IntegrationTests.dll" adapterTypeName="executor://xunit/VsTestRunner2/netcoreapp" className="PerfumeShop.IntegrationTests.Admin.SemiFinishedPagesTests" name="GetBaseNotes_ReturnsAll" />
    </UnitTest>
    <UnitTest name="PerfumeShop.IntegrationTests.Admin.SemiFinishedPagesTests.GetRawMaterialInventory_ReturnsAll" storage="f:\网站制作\网站\网站二\tests\perfumeshop.integrationtests\bin\debug\net8.0\perfumeshop.integrationtests.dll" id="283c58d5-491f-b4d5-778a-0222f52bbb51">
      <Execution id="fcc31b77-0284-40f6-95e6-12c4c8b5e9da" />
      <TestMethod codeBase="F:\网站制作\网站\网站二\tests\PerfumeShop.IntegrationTests\bin\Debug\net8.0\PerfumeShop.IntegrationTests.dll" adapterTypeName="executor://xunit/VsTestRunner2/netcoreapp" className="PerfumeShop.IntegrationTests.Admin.SemiFinishedPagesTests" name="GetRawMaterialInventory_ReturnsAll" />
    </UnitTest>
    <UnitTest name="PerfumeShop.IntegrationTests.Admin.ProductionPagesTests.GetOrders_SearchByWorkOrderNo" storage="f:\网站制作\网站\网站二\tests\perfumeshop.integrationtests\bin\debug\net8.0\perfumeshop.integrationtests.dll" id="48f268d4-9905-70da-a4f6-da94613601df">
      <Execution id="7a027e9f-25a3-4d61-b8e0-c3828112e3bc" />
      <TestMethod codeBase="F:\网站制作\网站\网站二\tests\PerfumeShop.IntegrationTests\bin\Debug\net8.0\PerfumeShop.IntegrationTests.dll" adapterTypeName="executor://xunit/VsTestRunner2/netcoreapp" className="PerfumeShop.IntegrationTests.Admin.ProductionPagesTests" name="GetOrders_SearchByWorkOrderNo" />
    </UnitTest>
    <UnitTest name="PerfumeShop.IntegrationTests.Admin.ProductionPagesTests.GetOrders_ReturnsPaginatedList" storage="f:\网站制作\网站\网站二\tests\perfumeshop.integrationtests\bin\debug\net8.0\perfumeshop.integrationtests.dll" id="77d6229d-8b51-d29a-0385-a305c39f587c">
      <Execution id="59104126-a1d2-445f-b604-a2e7ddca158c" />
      <TestMethod codeBase="F:\网站制作\网站\网站二\tests\PerfumeShop.IntegrationTests\bin\Debug\net8.0\PerfumeShop.IntegrationTests.dll" adapterTypeName="executor://xunit/VsTestRunner2/netcoreapp" className="PerfumeShop.IntegrationTests.Admin.ProductionPagesTests" name="GetOrders_ReturnsPaginatedList" />
    </UnitTest>
    <UnitTest name="PerfumeShop.IntegrationTests.Admin.ProductionPagesTests.UpdateStatus_EmptyStatus_ReturnsBadRequest" storage="f:\网站制作\网站\网站二\tests\perfumeshop.integrationtests\bin\debug\net8.0\perfumeshop.integrationtests.dll" id="b73a28d8-bb39-0176-b67e-5565b2f30a8d">
      <Execution id="77fab9dc-c95c-463d-8c2d-ef8e674477e4" />
      <TestMethod codeBase="F:\网站制作\网站\网站二\tests\PerfumeShop.IntegrationTests\bin\Debug\net8.0\PerfumeShop.IntegrationTests.dll" adapterTypeName="executor://xunit/VsTestRunner2/netcoreapp" className="PerfumeShop.IntegrationTests.Admin.ProductionPagesTests" name="UpdateStatus_EmptyStatus_ReturnsBadRequest" />
    </UnitTest>
    <UnitTest name="PerfumeShop.IntegrationTests.Admin.SemiFinishedPagesTests.GetReportData_ReturnsDateRange" storage="f:\网站制作\网站\网站二\tests\perfumeshop.integrationtests\bin\debug\net8.0\perfumeshop.integrationtests.dll" id="22bc54ec-6c0f-5555-72da-c128532fcf6b">
      <Execution id="54e29426-e0df-403e-9c80-f764b2233a6d" />
      <TestMethod codeBase="F:\网站制作\网站\网站二\tests\PerfumeShop.IntegrationTests\bin\Debug\net8.0\PerfumeShop.IntegrationTests.dll" adapterTypeName="executor://xunit/VsTestRunner2/netcoreapp" className="PerfumeShop.IntegrationTests.Admin.SemiFinishedPagesTests" name="GetReportData_ReturnsDateRange" />
    </UnitTest>
    <UnitTest name="PerfumeShop.IntegrationTests.Admin.SemiFinishedPagesTests.GetWorkshopTransfers_ReturnsPaginated" storage="f:\网站制作\网站\网站二\tests\perfumeshop.integrationtests\bin\debug\net8.0\perfumeshop.integrationtests.dll" id="5d0bc1ed-4c46-8bbc-278d-87c19860cb45">
      <Execution id="52345594-ff64-4f55-a395-4d50f235a4a3" />
      <TestMethod codeBase="F:\网站制作\网站\网站二\tests\PerfumeShop.IntegrationTests\bin\Debug\net8.0\PerfumeShop.IntegrationTests.dll" adapterTypeName="executor://xunit/VsTestRunner2/netcoreapp" className="PerfumeShop.IntegrationTests.Admin.SemiFinishedPagesTests" name="GetWorkshopTransfers_ReturnsPaginated" />
    </UnitTest>
  </TestDefinitions>
  <TestEntries>
    <TestEntry testId="c6bb48b7-add0-caa8-ed82-ecc450786af1" executionId="ecd747ac-7231-4e11-ac7c-edbc7e1d9663" testListId="8c84fa94-04c1-424b-9868-57a2d4851a1d" />
    <TestEntry testId="a0031162-b14c-e3e0-e909-afd1af68fa81" executionId="0564a50d-6ea2-4999-8a42-5c4fd0ec7b7a" testListId="8c84fa94-04c1-424b-9868-57a2d4851a1d" />
    <TestEntry testId="fbbb1a87-3217-aead-439d-2066fdf18ecb" executionId="1793c079-16b0-43be-bcdb-fe159631e9a3" testListId="8c84fa94-04c1-424b-9868-57a2d4851a1d" />
    <TestEntry testId="c9f39c90-e44f-12f5-b9bd-6b902caa8a7f" executionId="f741bb73-19f2-4113-a414-59c22dfdc568" testListId="8c84fa94-04c1-424b-9868-57a2d4851a1d" />
    <TestEntry testId="0a655fa6-db89-838f-7496-c58d6a322452" executionId="cc2b8937-4d50-4e8c-be08-ccc51b906de7" testListId="8c84fa94-04c1-424b-9868-57a2d4851a1d" />
    <TestEntry testId="283c58d5-491f-b4d5-778a-0222f52bbb51" executionId="fcc31b77-0284-40f6-95e6-12c4c8b5e9da" testListId="8c84fa94-04c1-424b-9868-57a2d4851a1d" />
    <TestEntry testId="5d0bc1ed-4c46-8bbc-278d-87c19860cb45" executionId="52345594-ff64-4f55-a395-4d50f235a4a3" testListId="8c84fa94-04c1-424b-9868-57a2d4851a1d" />
    <TestEntry testId="90501c10-d581-cc01-2ca9-035cb9914561" executionId="5e77c896-ef6d-4d6c-958b-f129bcf3c771" testListId="8c84fa94-04c1-424b-9868-57a2d4851a1d" />
    <TestEntry testId="69fbcee4-72b6-0be6-16a6-7ddf327ed41d" executionId="b01c43b5-f7d4-47f7-aaae-c52c1838b299" testListId="8c84fa94-04c1-424b-9868-57a2d4851a1d" />
    <TestEntry testId="b4a10970-7aeb-2245-185c-53fdd9bdd6a6" executionId="a8bd63d5-00bb-4869-8c57-d4300932ebf9" testListId="8c84fa94-04c1-424b-9868-57a2d4851a1d" />
    <TestEntry testId="22bc54ec-6c0f-5555-72da-c128532fcf6b" executionId="54e29426-e0df-403e-9c80-f764b2233a6d" testListId="8c84fa94-04c1-424b-9868-57a2d4851a1d" />
    <TestEntry testId="2f5fad96-4b68-2d3e-a0e0-bb4e8d2ce987" executionId="ca4b2986-d4ee-4ca4-94c8-a8d0e3579cb3" testListId="8c84fa94-04c1-424b-9868-57a2d4851a1d" />
    <TestEntry testId="9c79d4c6-530d-61f1-cbc9-91df94fdc77a" executionId="ee2c72de-3efe-4700-83ed-633473e5cf3e" testListId="8c84fa94-04c1-424b-9868-57a2d4851a1d" />
    <TestEntry testId="516fdcd0-ed04-ca32-19e5-28228203d92b" executionId="e0028d81-b5b7-4a92-921b-3c39fde605c5" testListId="8c84fa94-04c1-424b-9868-57a2d4851a1d" />
    <TestEntry testId="22436385-6571-e5ac-0e4f-78782cc35c76" executionId="30185b6f-fc40-428c-bc6f-f374b891eeb9" testListId="8c84fa94-04c1-424b-9868-57a2d4851a1d" />
    <TestEntry testId="4033c7ff-eb88-c52d-b835-85c3f55e6b37" executionId="ae96a6cc-aae6-4697-b6b5-1290f39a34f6" testListId="8c84fa94-04c1-424b-9868-57a2d4851a1d" />
    <TestEntry testId="48f8a283-e2b5-08c2-8eaf-00bdc62ad43d" executionId="c6deaa01-d80a-4e5c-b979-8f259a0a740a" testListId="8c84fa94-04c1-424b-9868-57a2d4851a1d" />
    <TestEntry testId="b73a28d8-bb39-0176-b67e-5565b2f30a8d" executionId="77fab9dc-c95c-463d-8c2d-ef8e674477e4" testListId="8c84fa94-04c1-424b-9868-57a2d4851a1d" />
    <TestEntry testId="7066d9a1-ebe6-53b6-97f7-5b7cc9f00629" executionId="1fcc75f0-6f07-47da-9628-ed511c8a557a" testListId="8c84fa94-04c1-424b-9868-57a2d4851a1d" />
    <TestEntry testId="c6fefd79-3af8-ae85-6d66-a8f58152a550" executionId="31a00c9a-6ec5-4f48-8888-231ec656c86c" testListId="8c84fa94-04c1-424b-9868-57a2d4851a1d" />
    <TestEntry testId="77d6229d-8b51-d29a-0385-a305c39f587c" executionId="59104126-a1d2-445f-b604-a2e7ddca158c" testListId="8c84fa94-04c1-424b-9868-57a2d4851a1d" />
    <TestEntry testId="520dc1f1-86bc-46d7-6440-b18b5b3708fe" executionId="3b0ee115-cac4-4e26-a80c-45228827052d" testListId="8c84fa94-04c1-424b-9868-57a2d4851a1d" />
    <TestEntry testId="5573f9a5-b9f4-0731-10ec-1e81af6f42df" executionId="de10a1eb-8c37-4d9c-8776-90f6bb58d78c" testListId="8c84fa94-04c1-424b-9868-57a2d4851a1d" />
    <TestEntry testId="48f268d4-9905-70da-a4f6-da94613601df" executionId="7a027e9f-25a3-4d61-b8e0-c3828112e3bc" testListId="8c84fa94-04c1-424b-9868-57a2d4851a1d" />
    <TestEntry testId="6f20f317-cd95-f3df-3680-2d47721855f3" executionId="acc0d14d-aa19-4336-ab9e-90385b37c24f" testListId="8c84fa94-04c1-424b-9868-57a2d4851a1d" />
    <TestEntry testId="ba536fdb-b0f0-f43d-55bb-647ebc9b80cc" executionId="4eab441b-203f-4d04-921e-635c33157eac" testListId="8c84fa94-04c1-424b-9868-57a2d4851a1d" />
    <TestEntry testId="03e682b6-0a31-1534-2931-5634dd5d3244" executionId="4c77a1d2-4a2d-4834-b898-7f61bdc05d61" testListId="8c84fa94-04c1-424b-9868-57a2d4851a1d" />
    <TestEntry testId="63164f69-3fc0-ddeb-5cb9-9f4b570ed4c8" executionId="3a51a348-d1af-4b20-a9e0-002af9f5f925" testListId="8c84fa94-04c1-424b-9868-57a2d4851a1d" />
    <TestEntry testId="718e56c3-a666-4790-3ed7-86dcf88b3fca" executionId="6a33f893-531c-4616-a9b8-be0ec5c4919b" testListId="8c84fa94-04c1-424b-9868-57a2d4851a1d" />
    <TestEntry testId="fb7b72cc-5d8f-2dbf-ca25-68d0dbbd0bb1" executionId="12e7f484-c119-4447-90b8-87a91d5a698a" testListId="8c84fa94-04c1-424b-9868-57a2d4851a1d" />
    <TestEntry testId="f1bc0027-027f-59a0-e483-e89d89fd001d" executionId="d1b00183-207f-4675-89a4-ed432fa5a87b" testListId="8c84fa94-04c1-424b-9868-57a2d4851a1d" />
  </TestEntries>
  <TestLists>
    <TestList name="列表中未列出的结果" id="8c84fa94-04c1-424b-9868-57a2d4851a1d" />
    <TestList name="所有已加载的结果" id="19431567-8539-422a-85d7-44ee4e166bda" />
  </TestLists>
  <ResultSummary outcome="Completed">
    <Counters total="31" executed="31" passed="31" failed="0" error="0" timeout="0" aborted="0" inconclusive="0" passedButRunAborted="0" notRunnable="0" notExecuted="0" disconnected="0" warning="0" completed="0" inProgress="0" pending="0" />
    <Output>
      <StdOut>[xUnit.net 00:00:00.00] xUnit.net VSTest Adapter v2.5.3.1+6b60a9e56a (64-bit .NET 8.0.28)&#xD;
[xUnit.net 00:00:03.50]   Discovering: PerfumeShop.IntegrationTests&#xD;
[xUnit.net 00:00:03.66]   Discovered:  PerfumeShop.IntegrationTests&#xD;
[xUnit.net 00:00:03.66]   Starting:    PerfumeShop.IntegrationTests&#xD;
[xUnit.net 00:00:08.07]   Finished:    PerfumeShop.IntegrationTests&#xD;
</StdOut>
    </Output>
  </ResultSummary>
</TestRun>